// Jest Snapshot v1, https://goo.gl/fbAQLP

exports[`login snapshot of login 1`] = `
<div>
  <section>
    <h2>
      Conéctate a WANDERWEB
    </h2>
    <form
      id="login-form"
    >
      <input
        id="login-inputEmail"
        placeholder="Escribe tu email"
      />
      <input
        id="login-inputPass"
        placeholder="Contraseña"
      />
      <button
        id="btnLogin"
      >
        Iniciar Sesión
      </button>
    </form>
    <button
      id="btnLoginReturn"
    >
      Volver a la página de inicio
    </button>
    <div />
  </section>
</div>
`;
